Godot Engine v4.7.1.stable.mono.official.a13da4feb - https://godotengine.org
TextServer: Added interface "Dummy"
TextServer: Added interface "ICU / HarfBuzz / Graphite (Built-in)"
Using "default" pen tablet driver...

TextServer: Primary interface set to: "ICU / HarfBuzz / Graphite (Built-in)".
.NET: Initializing module...
Found hostfxr: C:/Program Files/dotnet/host/fxr/10.0.9/hostfxr.dll
.NET: hostfxr initialized
.NET: GodotPlugins initialized
CORE API HASH: 2244263461
EDITOR API HASH: 3539082181
SceneTreeFTI: traversal method DEFAULT
Loaded system CA certificates
Loading resource: res://Scenes/Main.tscn remapped: res://Scenes/Main.tscn
Loading resource: res://Scripts/ConvergenceSmokeRoot.cs remapped: res://Scripts/ConvergenceSmokeRoot.cs
Completed load for: 'res://Scripts/ConvergenceSmokeRoot.cs' remapped 'res://Scripts/ConvergenceSmokeRoot.cs' at thread -1
Completed load for: 'res://Scenes/Main.tscn' remapped 'res://Scenes/Main.tscn' at thread -1
CONVERGENCE_GODOT_SMOKE_BEGIN
GODOT_CONTENT_OK packs=1 entities=7
GODOT_SCENE_MAP_OK count=3
GODOT_ACTION_OK kind=Skill effects=1
GODOT_MODIFIER_OK policy=convergence.training_annex_slice:standard_stat_modifiers tracks=1
GODOT_ENCOUNTER_OK outcome=Draw events=18
GODOT_SAVE_OK actors=3 contract=11 aggregate_restore=true
GODOT_SAVE_REJECTION_OK actors_exposed=0 scene_metadata_exposed=0 diagnostics=2
CONVERGENCE_GODOT_SMOKE_OK
